// Jest Snapshot v1, https://goo.gl/fbAQLP

exports[`test lint-md-parser invoke parseMd 1`] = `
{
  "children": [
    {
      "position": {
        "end": {
          "column": 4,
          "line": 8,
          "offset": 68,
        },
        "start": {
          "column": 1,
          "line": 1,
          "offset": 0,
        },
      },
      "type": "yaml",
      "value": "categories:
  - Code
tags:
  - Java
  - IDEA
  - Spring Boot",
    },
    {
      "children": [
        {
          "position": {
            "end": {
              "column": 14,
              "line": 10,
              "offset": 83,
            },
            "start": {
              "column": 3,
              "line": 10,
              "offset": 72,
            },
          },
          "type": "text",
          "value": "hello world",
        },
      ],
      "depth": 1,
      "position": {
        "end": {
          "column": 14,
          "line": 10,
          "offset": 83,
        },
        "start": {
          "column": 1,
          "line": 10,
          "offset": 70,
        },
      },
      "type": "heading",
    },
    {
      "children": [
        {
          "position": {
            "end": {
              "column": 6,
              "line": 12,
              "offset": 90,
            },
            "start": {
              "column": 1,
              "line": 12,
              "offset": 85,
            },
          },
          "type": "text",
          "value": "你好 世界",
        },
      ],
      "position": {
        "end": {
          "column": 6,
          "line": 12,
          "offset": 90,
        },
        "start": {
          "column": 1,
          "line": 12,
          "offset": 85,
        },
      },
      "type": "paragraph",
    },
    {
      "children": [
        {
          "position": {
            "end": {
              "column": 63,
              "line": 14,
              "offset": 154,
            },
            "start": {
              "column": 1,
              "line": 14,
              "offset": 92,
            },
          },
          "type": "text",
          "value": "www.example.com, https://example.com, and contact@example.com.",
        },
      ],
      "position": {
        "end": {
          "column": 63,
          "line": 14,
          "offset": 154,
        },
        "start": {
          "column": 1,
          "line": 14,
          "offset": 92,
        },
      },
      "type": "paragraph",
    },
    {
      "children": [
        {
          "children": [
            {
              "position": {
                "end": {
                  "column": 16,
                  "line": 16,
                  "offset": 171,
                },
                "start": {
                  "column": 7,
                  "line": 16,
                  "offset": 162,
                },
              },
              "type": "text",
              "value": "Big note.",
            },
          ],
          "position": {
            "end": {
              "column": 16,
              "line": 16,
              "offset": 171,
            },
            "start": {
              "column": 7,
              "line": 16,
              "offset": 162,
            },
          },
          "type": "paragraph",
        },
      ],
      "identifier": "1",
      "label": "1",
      "position": {
        "end": {
          "column": 16,
          "line": 16,
          "offset": 171,
        },
        "start": {
          "column": 1,
          "line": 16,
          "offset": 156,
        },
      },
      "type": "footnoteDefinition",
    },
    {
      "children": [
        {
          "children": [
            {
              "position": {
                "end": {
                  "column": 5,
                  "line": 18,
                  "offset": 177,
                },
                "start": {
                  "column": 2,
                  "line": 18,
                  "offset": 174,
                },
              },
              "type": "text",
              "value": "one",
            },
          ],
          "position": {
            "end": {
              "column": 6,
              "line": 18,
              "offset": 178,
            },
            "start": {
              "column": 1,
              "line": 18,
              "offset": 173,
            },
          },
          "type": "delete",
        },
        {
          "position": {
            "end": {
              "column": 10,
              "line": 18,
              "offset": 182,
            },
            "start": {
              "column": 6,
              "line": 18,
              "offset": 178,
            },
          },
          "type": "text",
          "value": " or ",
        },
        {
          "children": [
            {
              "position": {
                "end": {
                  "column": 15,
                  "line": 18,
                  "offset": 187,
                },
                "start": {
                  "column": 12,
                  "line": 18,
                  "offset": 184,
                },
              },
              "type": "text",
              "value": "two",
            },
          ],
          "position": {
            "end": {
              "column": 17,
              "line": 18,
              "offset": 189,
            },
            "start": {
              "column": 10,
              "line": 18,
              "offset": 182,
            },
          },
          "type": "delete",
        },
        {
          "position": {
            "end": {
              "column": 25,
              "line": 18,
              "offset": 197,
            },
            "start": {
              "column": 17,
              "line": 18,
              "offset": 189,
            },
          },
          "type": "text",
          "value": " tildes.",
        },
      ],
      "position": {
        "end": {
          "column": 25,
          "line": 18,
          "offset": 197,
        },
        "start": {
          "column": 1,
          "line": 18,
          "offset": 173,
        },
      },
      "type": "paragraph",
    },
    {
      "children": [
        {
          "position": {
            "end": {
              "column": 78,
              "line": 20,
              "offset": 276,
            },
            "start": {
              "column": 1,
              "line": 20,
              "offset": 199,
            },
          },
          "type": "text",
          "value": "假设你打开了浏览器，并且搜索了 "www.google.com"。 在这个场景内，你的浏览器就是客户端，更宽泛地讲，你可以把你正在使用的计算机当作客户端。",
        },
      ],
      "position": {
        "end": {
          "column": 78,
          "line": 20,
          "offset": 276,
        },
        "start": {
          "column": 1,
          "line": 20,
          "offset": 199,
        },
      },
      "type": "paragraph",
    },
  ],
  "position": {
    "end": {
      "column": 1,
      "line": 21,
      "offset": 277,
    },
    "start": {
      "column": 1,
      "line": 1,
      "offset": 0,
    },
  },
  "type": "root",
}
`;

exports[`test lint-md-parser invoke revertMdAstNode 1`] = `
"---
categories:
  - Code
tags:
  - Java
  - IDEA
  - Spring Boot
---

# hello world

你好 世界

www.example.com, https://example.com, and contact@example.com.

[^1]: Big note.

~~one~~ or ~~two~~ tildes.

假设你打开了浏览器，并且搜索了 "www.google.com"。 在这个场景内，你的浏览器就是客户端，更宽泛地讲，你可以把你正在使用的计算机当作客户端。
"
`;
